12-07 10:43:09.422 D/GameManagerService( 4256): identifyGamePackage. com.android.todolist, mCurrentUserId: 0, callerUserId: 0
12-07 10:43:09.422 D/PkgDataHelper( 4256): getGamePkgData(). com.android.todolist
12-07 10:43:09.423 D/GameManagerService( 4256): identifyGamePackage. com.android.todolist, mCurrentUserId: 0, callerUserId: 0
12-07 10:43:09.423 D/PkgDataHelper( 4256): getGamePkgData(). com.android.todolist
12-07 10:43:10.906 I/SurfaceFlinger( 3930): id=13847 createSurf (0x0),-1 flag=80004, 6df430b com.android.todolist/com.android.todolist.MainActivity#0
12-07 10:43:10.908 V/WindowManager( 4256): Changing focus from Window{66ecafa u0 com.android.todolist/com.android.todolist.MainActivity} to Window{6df430b u0 com.android.todolist/com.android.todolist.MainActivity} displayId=0 Callers=com.android.server.wm.RootWindowContainer.updateFocusedWindowLocked:567 com.android.server.wm.WindowManagerService.updateFocusedWindowLocked:6311 com.android.server.wm.WindowManagerService.addWindow:1961 com.android.server.wm.Session.addToDisplayAsUser:182 
12-07 10:43:10.946 V/WindowManager( 4256): Relayout Window{6df430b u0 com.android.todolist/com.android.todolist.MainActivity}: viewVisibility=0 req=1024x582
12-07 10:43:10.955 D/WindowManager( 4256): isScreenshotDisabledLocked - win: Window{6df430b u0 com.android.todolist/com.android.todolist.MainActivity}
12-07 10:43:10.956 I/SurfaceFlinger( 3930): id=13850 createSurf (1192x750),1 flag=4, com.android.todolist/com.android.todolist.MainActivity$_29821#1
12-07 10:43:10.958 D/WindowManager( 4256): makeSurface duration=2 name=com.android.todolist/com.android.todolist.MainActivity$_29821
12-07 10:43:10.998 D/WindowManager( 4256): finishDrawingWindow: Window{6df430b u0 com.android.todolist/com.android.todolist.MainActivity} mDrawState=DRAW_PENDING
12-07 10:43:11.003 I/WindowManager( 4256): Reparenting to leash, surface=Surface(name=6df430b com.android.todolist/com.android.todolist.MainActivity)/@0xf840f3d, leashParent=Surface(name=ActivityRecord{7538f56 u0 com.android.todolist/.MainActivity t24944})/@0x8291611
12-07 10:43:11.003 I/SurfaceFlinger( 3930): id=13851 createSurf (0x0),-1 flag=24004, Surface(name=6df430b com.android.todolist/com.android.todolist.MainActivity)/@0xf840f3d - animation-leash#0
12-07 10:43:11.004 D/WindowManager( 4256): makeSurface duration=2 leash=Surface(name=Surface(name=6df430b com.android.todolist/com.android.todolist.MainActivity)/@0xf840f3d - animation-leash)/@0xe0d4332
12-07 10:43:11.033 V/InputMethodManager(29821): Starting input: tba=com.android.todolist ic=null mNaviBarColor -855310 mIsGetNaviBarColorSuccess true , NavVisible : true , NavTrans : false
12-07 10:43:11.058 D/SurfaceFlinger( 3930):      CLIENT | 0x7e93a7cbc0 | 0002 | RGBA_8888    |    0.0    0.0 1080.0 2340.0 |    0    0 1080 2340 | com.android.todolist/com.android.todolist.MainActivity$_29821#0
12-07 10:43:11.058 D/SurfaceFlinger( 3930):      DEVICE | 0x7f1794c240 | 0000 | RGBA_8888    |   56.0    0.0 1136.0  750.0 |    0  817 1080 1567 | com.android.todolist/com.android.todolist.MainActivity$_29821#1
12-07 10:43:11.178 I/WindowManager( 4256): Reparenting to original parent: Surface(name=ActivityRecord{7538f56 u0 com.android.todolist/.MainActivity t24944})/@0x8291611, destroy=true, surface=Surface(name=6df430b com.android.todolist/com.android.todolist.MainActivity)/@0xf840f3d
12-07 10:43:11.181 I/Layer   ( 3930): id=13851 removeFromCurrentState Surface(name=6df430b com.android.todolist/com.android.todolist.MainActivity)/@0xf840f3d - animation-leash#0 (114)
12-07 10:43:11.182 I/SurfaceFlinger( 3930): id=13851 Removed Surface(name=6df430b com.android.todolist/com.android.todolist.MainActivity)/@0xf840f3d - animation-leash#0 (114)
12-07 10:43:11.195 I/Layer   ( 3930): id=13851[1] Destroyed Surface(name=6df430b com.android.todolist/com.android.todolist.MainActivity)/@0xf840f3d - animation-leash#0
12-07 10:43:12.124 D/Toast   (29821): show: caller = com.android.todolist.MainActivity$addNewList$2.invoke:125 
12-07 10:43:12.128 D/EdgeLightingManager( 4256): showForToast : packageName = com.android.todolist
12-07 10:43:12.129 D/SEP_UNION_CoverManager_CoverManagerAllowLists( 4256): isAllowedToUse : cover manager allow lists does not include this App : com.android.todolist 
12-07 10:43:12.129 D/EdgeLightingPolicyManager( 4256): isAcceptableApplication:  pkg=com.android.todolist , range=512 , includeAllApp=false , userId=0 , infoRange=0 , infoCategory=0
12-07 10:43:12.146 E/BufferQueueProducer( 3930): [com.android.todolist/com.android.todolist.MainActivity$_29821#1](id:f5a00000a08,api:0,p:-1,c:3930) disconnect: not connected (req=1)
12-07 10:43:12.149 I/WindowManager( 4256): Reparenting to leash, surface=Surface(name=6df430b com.android.todolist/com.android.todolist.MainActivity)/@0xf840f3d, leashParent=Surface(name=ActivityRecord{7538f56 u0 com.android.todolist/.MainActivity t24944})/@0x8291611
12-07 10:43:12.149 I/SurfaceFlinger( 3930): id=13856 createSurf (0x0),-1 flag=24000, Surface(name=6df430b com.android.todolist/com.android.todolist.MainActivity)/@0xf840f3d - animation-leash#0
12-07 10:43:12.151 D/WindowManager( 4256): makeSurface duration=2 leash=Surface(name=Surface(name=6df430b com.android.todolist/com.android.todolist.MainActivity)/@0xf840f3d - animation-leash)/@0xc3af5d7
12-07 10:43:12.152 V/WindowManager( 4256): removeIfPossible 2, Window{6df430b u0 com.android.todolist/com.android.todolist.MainActivity}: mAnimatingExit=true caller=com.android.server.wm.WindowState.removeIfPossible:2688 com.android.server.wm.WindowManagerService.removeWindow:2186 com.android.server.wm.Session.remove:199 android.view.IWindowSession$Stub.onTransact:820 com.android.server.wm.Session.onTransact:145 
12-07 10:43:12.154 V/WindowManager( 4256): Changing focus from Window{6df430b u0 com.android.todolist/com.android.todolist.MainActivity EXITING} to Window{66ecafa u0 com.android.todolist/com.android.todolist.MainActivity} displayId=0 Callers=com.android.server.wm.RootWindowContainer.updateFocusedWindowLocked:567 com.android.server.wm.WindowManagerService.updateFocusedWindowLocked:6311 com.android.server.wm.WindowState.setupWindowForRemoveOnExit:2853 com.android.server.wm.WindowState.removeIfPossible:2822 
12-07 10:43:12.241 V/InputMethodManager(29821): Starting input: tba=com.android.todolist ic=null mNaviBarColor -855310 mIsGetNaviBarColorSuccess true , NavVisible : true , NavTrans : false
12-07 10:43:12.289 D/SurfaceFlinger( 3930):      CLIENT | 0x7e93a7c1c0 | 0002 | RGBA_8888    |    0.0    0.0 1080.0 2340.0 |    0    0 1080 2340 | com.android.todolist/com.android.todolist.MainActivity$_29821#0
12-07 10:43:12.289 D/SurfaceFlinger( 3930):      DEVICE | 0x7f1794c240 | 0000 | RGBA_8888    |   56.0    0.0 1136.0  750.0 |    0  817 1080 1567 | com.android.todolist/com.android.todolist.MainActivity$_29821#1
12-07 10:43:12.312 I/WindowManager( 4256): Reparenting to original parent: Surface(name=ActivityRecord{7538f56 u0 com.android.todolist/.MainActivity t24944})/@0x8291611, destroy=true, surface=Surface(name=6df430b com.android.todolist/com.android.todolist.MainActivity)/@0xf840f3d
12-07 10:43:12.313 E/WindowManager( 4256): win=Window{6df430b u0 com.android.todolist/com.android.todolist.MainActivity EXITING} destroySurfaces: appStopped=false win.mWindowRemovalAllowed=true win.mRemoveOnExit=true win.mViewVisibility=0 caller=com.android.server.wm.ActivityRecord.destroySurfaces:5251 com.android.server.wm.ActivityRecord.destroySurfaces:5232 com.android.server.wm.WindowState.onExitAnimationDone:5626 com.android.server.wm.WindowStateAnimator.onAnimationFinished:332 com.android.server.wm.WindowState.onAnimationFinished:6091 com.android.server.wm.-$$Lambda$dwJG8BAnLlvKNGuDY9U3-haNY4M.onAnimationFinished:2 com.android.server.wm.SurfaceAnimator.lambda$getFinishedCallback$0$SurfaceAnimator:112 
12-07 10:43:12.313 I/WindowManager( 4256): Destroying surface Surface(name=com.android.todolist/com.android.todolist.MainActivity$_29821)/@0x86d3860 called by com.android.server.wm.WindowStateAnimator.destroySurface:1794 com.android.server.wm.WindowStateAnimator.destroySurfaceLocked:765 com.android.server.wm.WindowState.destroySurfaceUnchecked:3918 com.android.server.wm.WindowState.destroySurface:3892 com.android.server.wm.ActivityRecord.destroySurfaces:5251 com.android.server.wm.ActivityRecord.destroySurfaces:5232 com.android.server.wm.WindowState.onExitAnimationDone:5626 com.android.server.wm.WindowStateAnimator.onAnimationFinished:332 
12-07 10:43:12.314 I/Layer   ( 3930): id=13850 removeFromCurrentState com.android.todolist/com.android.todolist.MainActivity$_29821#1 (120)
12-07 10:43:12.319 I/Layer   ( 3930): id=13847 removeFromCurrentState 6df430b com.android.todolist/com.android.todolist.MainActivity#0 (120)
12-07 10:43:12.320 I/Layer   ( 3930): id=13856 removeFromCurrentState Surface(name=6df430b com.android.todolist/com.android.todolist.MainActivity)/@0xf840f3d - animation-leash#0 (120)
12-07 10:43:12.320 I/SurfaceFlinger( 3930): id=13847 Removed 6df430b com.android.todolist/com.android.todolist.MainActivity#0 (120)
12-07 10:43:12.320 I/SurfaceFlinger( 3930): id=13856 Removed Surface(name=6df430b com.android.todolist/com.android.todolist.MainActivity)/@0xf840f3d - animation-leash#0 (120)
12-07 10:43:12.321 I/SurfaceFlinger( 3930): id=13850 Removed com.android.todolist/com.android.todolist.MainActivity$_29821#1 (120)
12-07 10:43:12.328 I/Layer   ( 3930): id=13856[1] Destroyed Surface(name=6df430b com.android.todolist/com.android.todolist.MainActivity)/@0xf840f3d - animation-leash#0
12-07 10:43:12.329 I/Layer   ( 3930): id=13847[1] Destroyed 6df430b com.android.todolist/com.android.todolist.MainActivity#0
12-07 10:43:12.332 I/Layer   ( 3930): id=13850[1] Destroyed com.android.todolist/com.android.todolist.MainActivity$_29821#1
12-07 10:43:12.339 D/SurfaceFlinger( 3930):      DEVICE | 0x7e93a7c1c0 | 0002 | RGBA_8888    |    0.0    0.0 1080.0 2340.0 |    0    0 1080 2340 | com.android.todolist/com.android.todolist.MainActivity$_29821#0
12-07 10:43:14.186 W/NotificationService( 4256): Toast already killed. pkg=com.android.todolist token=android.os.BinderProxy@bb07442
12-07 10:43:14.705 D/SurfaceFlinger( 3930):      DEVICE | 0x7e93a7c1c0 | 0002 | RGBA_8888    |    0.0    0.0 1080.0 2340.0 |    0    0 1080 2340 | com.android.todolist/com.android.todolist.MainActivity$_29821#0
12-07 10:43:44.725 V/InputMethodManager(29821): Starting input: tba=com.android.todolist ic=null mNaviBarColor -855310 mIsGetNaviBarColorSuccess true , NavVisible : true , NavTrans : false
12-07 10:43:44.796 D/SurfaceFlinger( 3930):      DEVICE | 0x7e93a7c1c0 | 0002 | RGBA_8888    |    0.0    0.0 1080.0 2340.0 |    0    0 1080 2340 | com.android.todolist/com.android.todolist.MainActivity$_29821#0
12-07 10:43:45.108 D/WindowManager( 4256): isScreenshotDisabledLocked - win: Window{66ecafa u0 com.android.todolist/com.android.todolist.MainActivity}
12-07 10:43:45.146 W/WindowManager( 4256): allSleep is false, displayId=0, stack=Task{6c46bd7 #24944 visible=false type=standard mode=fullscreen translucent=true A=10317:com.android.todolist U=0 StackId=24944 sz=1}, caller=com.android.server.wm.ActivityStackSupervisor.checkReadyForSleepLocked:2234 com.android.server.wm.ActivityStackSupervisor.goingToSleepLocked:2162 com.android.server.wm.ActivityTaskManagerService.updateSleepIfNeededLocked:6851 
12-07 10:43:45.146 W/WindowManager( 4256): putStacksToSleep, mResumedActivity=null, mPausingActivity=ActivityRecord{7538f56 u0 com.android.todolist/.MainActivity t24944}
12-07 10:43:45.165 D/GameManagerService( 4256): notePauseComponent(), received paused-component: com.android.todolist
12-07 10:43:45.182 V/WindowManager( 4256): Changing focus from Window{66ecafa u0 com.android.todolist/com.android.todolist.MainActivity} to null displayId=0 Callers=com.android.server.wm.RootWindowContainer.updateFocusedWindowLocked:567 com.android.server.wm.WindowManagerService.updateFocusedWindowLocked:6311 com.android.server.wm.ActivityRecord.commitVisibility:4988 com.android.server.wm.ActivityRecord.setVisibility:4929 
12-07 10:43:45.188 V/WindowManager( 4256): Setting visibility of Window{66ecafa u0 com.android.todolist/com.android.todolist.MainActivity}: false, caller=com.android.server.wm.WindowContainer.sendAppVisibilityToClients:1004 com.android.server.wm.ActivityRecord.setClientVisible:6391 com.android.server.wm.ActivityRecord.onAnimationFinished:7143 com.android.server.wm.ActivityRecord.postApplyAnimation:5013 com.android.server.wm.ActivityRecord.commitVisibility:4995 
12-07 10:43:45.189 D/ActivityTaskManager( 4256): finishFixedRotationTransform, r=ActivityRecord{7538f56 u0 com.android.todolist/.MainActivity t24944}, caller=com.android.server.wm.WindowToken.finishFixedRotationTransform:664 com.android.server.wm.DisplayContent$FixedRotationTransitionListener.onAppTransitionFinishedLocked:7025 com.android.server.wm.AppTransition.notifyAppTransitionFinishedLocked:552 com.android.server.wm.ActivityRecord.onAnimationFinished:7164 com.android.server.wm.ActivityRecord.postApplyAnimation:5013 
12-07 10:43:45.189 D/WindowManager( 4256): isScreenshotDisabledLocked - win: Window{66ecafa u0 com.android.todolist/com.android.todolist.MainActivity}
12-07 10:43:45.200 E/BufferQueueProducer( 3930): [com.android.todolist/com.android.todolist.MainActivity$_29821#0](id:f5a00000a07,api:0,p:-1,c:3930) disconnect: not connected (req=1)
12-07 10:43:45.206 V/WindowManager( 4256): Relayout Window{66ecafa u0 com.android.todolist/com.android.todolist.MainActivity}: viewVisibility=4 req=1080x2340
12-07 10:43:45.235 E/WindowManager( 4256): win=Window{66ecafa u0 com.android.todolist/com.android.todolist.MainActivity} destroySurfaces: appStopped=true win.mWindowRemovalAllowed=false win.mRemoveOnExit=false win.mViewVisibility=4 caller=com.android.server.wm.ActivityRecord.destroySurfaces:5251 com.android.server.wm.ActivityRecord.destroySurfaces:5232 com.android.server.wm.ActivityRecord.notifyAppStopped:5291 com.android.server.wm.ActivityRecord.activityStopped:5918 com.android.server.wm.ActivityTaskManagerService.activityStopped:2595 android.app.IActivityTaskManager$Stub.onTransact:2223 android.os.Binder.execTransactInternal:1190 
12-07 10:43:45.236 I/WindowManager( 4256): Destroying surface Surface(name=com.android.todolist/com.android.todolist.MainActivity$_29821)/@0x2fcb71a called by com.android.server.wm.WindowStateAnimator.destroySurface:1794 com.android.server.wm.WindowStateAnimator.destroySurfaceLocked:765 com.android.server.wm.WindowState.destroySurfaceUnchecked:3918 com.android.server.wm.WindowState.destroySurface:3892 com.android.server.wm.ActivityRecord.destroySurfaces:5251 com.android.server.wm.ActivityRecord.destroySurfaces:5232 com.android.server.wm.ActivityRecord.notifyAppStopped:5291 com.android.server.wm.ActivityRecord.activityStopped:5918 
12-07 10:43:45.236 I/Layer   ( 3930): id=13843 removeFromCurrentState com.android.todolist/com.android.todolist.MainActivity$_29821#0 (112)
12-07 10:43:45.251 I/SurfaceFlinger( 3930): id=13843 Removed com.android.todolist/com.android.todolist.MainActivity$_29821#0 (112)
12-07 10:43:45.285 V/WindowManager( 4256): Relayout Window{66ecafa u0 com.android.todolist/com.android.todolist.MainActivity}: viewVisibility=8 req=1080x2340
12-07 10:43:46.280 I/Layer   ( 3930): id=13843[1] Destroyed com.android.todolist/com.android.todolist.MainActivity$_29821#0
